// Jest Snapshot v1, https://goo.gl/fbAQLP

exports[`App should render correctly 1`] = `
<div
  className="App"
>
  <h1>
     Hello, World!!!! 
  </h1>
</div>
`;
